{
'project:buildbot-0.8.6p1/buildbot/steps/source/mercurial.py':[
282,
],
'project:django-2.2.3/django/apps/registry.py':[
134,
],
'project:django-2.2.3/django/contrib/gis/geos/prototypes/io.py':[
123,
],
'project:django-2.2.3/django/db/migrations/executor.py':[
144,
181,
],
'project:django-2.2.3/django/forms/formsets.py':[
301,
],
'project:django-cms-3.7.1/cms/tests/test_plugins.py':[
902,
],
'project:docker-compose-1.24.1/tests/unit/config/interpolation_test.py':[
452,
453,
],
'project:docker-compose-1.24.1/tests/unit/service_test.py':[
524,
551,
],
'project:numpy-1.16.4/benchmarks/benchmarks/bench_core.py':[
87,
90,
93,
96,
],
'project:numpy-1.16.4/benchmarks/benchmarks/bench_ufunc.py':[
36,
95,
102,
109,
116,
],
'project:numpy-1.16.4/numpy/core/arrayprint.py':[
696,
],
'project:numpy-1.16.4/numpy/core/tests/test_datetime.py':[
881,
1162,
1809,
1829,
],
'project:numpy-1.16.4/numpy/core/tests/test_defchararray.py':[
631,
643,
667,
],
'project:numpy-1.16.4/numpy/core/tests/test_errstate.py':[
27,
30,
],
'project:numpy-1.16.4/numpy/core/tests/test_half.py':[
497,
498,
499,
503,
504,
505,
506,
],
'project:numpy-1.16.4/numpy/core/tests/test_indexing.py':[
1243,
1244,
],
'project:numpy-1.16.4/numpy/core/tests/test_multiarray.py':[
3545,
3547,
3549,
3551,
3553,
3595,
3611,
3686,
],
'project:numpy-1.16.4/numpy/core/tests/test_numeric.py':[
475,
478,
614,
617,
620,
],
'project:numpy-1.16.4/numpy/core/tests/test_regression.py':[
315,
416,
598,
1836,
2201,
2279,
2285,
],
'project:numpy-1.16.4/numpy/core/tests/test_ufunc.py':[
1589,
],
'project:numpy-1.16.4/numpy/lib/tests/test_mixins.py':[
153,
155,
171,
173,
],
'project:numpy-1.16.4/numpy/ma/tests/test_core.py':[
432,
2041,
2360,
],
'project:numpy-1.16.4/numpy/ma/tests/test_regression.py':[
26,
33,
34,
],
'project:numpy-1.16.4/numpy/matrixlib/tests/test_defmatrix.py':[
270,
274,
],
'project:numpy-1.16.4/numpy/matrixlib/tests/test_regression.py':[
25,
],
'project:tornado-2.3/tornado/test/gen_test.py':[
51,
59,
64,
],
'project:tornado-2.3/tornado/test/web_test.py':[
589,
596,
610,
621,
],
'project:twisted-12.1.0/twisted/conch/test/test_knownhosts.py':[
797,
],
'project:twisted-12.1.0/twisted/internet/iocpreactor/abstract.py':[
362,
],
'project:twisted-12.1.0/twisted/internet/test/test_posixbase.py':[
107,
],
'project:twisted-12.1.0/twisted/internet/test/test_process.py':[
702,
],
'project:twisted-12.1.0/twisted/python/test/test_constants.py':[
240,
406,
606,
],
'project:twisted-12.1.0/twisted/python/test/test_deprecate.py':[
442,
],
'project:twisted-12.1.0/twisted/python/test/test_release.py':[
479,
],
'project:twisted-12.1.0/twisted/test/reflect_helper_ZDE.py':[
4,
],
'project:twisted-12.1.0/twisted/test/test_defgen.py':[
118,
],
'project:twisted-12.1.0/twisted/test/test_log.py':[
86,
261,
267,
],
'project:twisted-12.1.0/twisted/test/test_protocols.py':[
686,
686,
686,
686,
],
'project:twisted-12.1.0/twisted/test/test_reflect.py':[
92,
],
'project:twisted-12.1.0/twisted/trial/test/erroneous.py':[
63,
],
'project:twisted-12.1.0/twisted/trial/test/test_pyunitcompat.py':[
147,
],
}
